<?xml version="1.0" encoding="ISO-8859-1"?>
<html>
<meta charset="UTF-8">

<body>
  <h1>TEST</h1>
</body>

</html>